D:\Cong_nghe_moi\docker\network>npm install
npm WARN deprecated axios@0.20.0: Critical security vulnerability fixed in v0.21.1. For more information, see https://github.com/axios/axios/pull/3410

added 95 packages, and audited 96 packages in 7s

10 packages are looking for funding
  run `npm fund` for details

1 high severity vulnerability

To address all issues (including breaking changes), run:
  npm audit fix --force

Run `npm audit` for details.

D:\Cong_nghe_moi\docker\network>node app.js
(node:6528) [MONGODB DRIVER] Warning: Current Server Discovery and Monitoring engine is deprecated, and will be removed in a future version. To use the new Server Discover and Monitoring engine, pass option { useUnifiedTopology: true } to the MongoClient constructor.
(Use `node --trace-warnings ...` to show where the warning was created)
^C
D:\Cong_nghe_moi\docker\network>docker build -t network-image .
[+] Building 6.4s (10/10) FINISHED                                                                                docker:default
 => [internal] load .dockerignore                                                                                           0.0s
 => => transferring context: 2B                                                                                             0.0s 
 => [internal] load build definition from Dockerfile                                                                        0.0s 
 => => transferring dockerfile: 157B                                                                                        0.0s 
 => [internal] load metadata for docker.io/library/node:latest                                                              2.7s 
 => [1/5] FROM docker.io/library/node@sha256:6b3f9aa7eefa8d4c93d43914e78aa2bfea9a12808b0059e5da78854dfa8b8768               0.0s
 => [internal] load build context                                                                                           3.0s 
 => => transferring context: 13.53MB                                                                                        2.9s 
 => CACHED [2/5] WORKDIR /app                                                                                               0.0s
 => CACHED [3/5] COPY package.json .                                                                                        0.0s
 => CACHED [4/5] RUN npm install                                                                                            0.0s 
 => [5/5] COPY . .                                                                                                          0.4s 
 => exporting to image                                                                                                      0.2s 
 => => exporting layers                                                                                                     0.2s 
 => => writing image sha256:4da0a1ac845b6dbb9cac9e9f27e7b32bc49201b548604ec0ff6fd617b7705bc7                                0.0s 
 => => naming to docker.io/library/network-image                                                                            0.0s 

What's Next?
  View summary of image vulnerabilities and recommendations → docker scout quickview

D:\Cong_nghe_moi\docker\network>node app.js
(node:6528) [MONGODB DRIVER] Warning: Current Server Discovery and Monitoring engine is deprecated, and will be removed in a future version. To use the new Server Discover and Monitoring engine, pass option { useUnifiedTopology: true } to the MongoClient constructor.
(Use `node --trace-warnings ...` to show where the warning was created)
^C
D:\Cong_nghe_moi\docker\network>docker build -t network-image .
[+] Building 6.4s (10/10) FINISHED                                                                                docker:default
 => [internal] load .dockerignore                                                                                           0.0s
 => => transferring context: 2B                                                                                             0.0s 
 => [internal] load build definition from Dockerfile                                                                        0.0s 
 => => transferring dockerfile: 157B                                                                                        0.0s 
 => [internal] load metadata for docker.io/library/node:latest                                                              2.7s 
 => [1/5] FROM docker.io/library/node@sha256:6b3f9aa7eefa8d4c93d43914e78aa2bfea9a12808b0059e5da78854dfa8b8768               0.0s
 => [internal] load build context                                                                                           3.0s 
 => => transferring context: 13.53MB                                                                                        2.9s 
 => CACHED [2/5] WORKDIR /app                                                                                               0.0s
 => CACHED [3/5] COPY package.json .                                                                                        0.0s
 => CACHED [4/5] RUN npm install                                                                                            0.0s 
 => [5/5] COPY . .                                                                                                          0.4s 
 => exporting to image                                                                                                      0.2s 
 => => exporting layers                                                                                                     0.2s 
 => => writing image sha256:4da0a1ac845b6dbb9cac9e9f27e7b32bc49201b548604ec0ff6fd617b7705bc7                                0.0s 
 => => naming to docker.io/library/network-image                                                                            0.0s 

What's Next?
  View summary of image vulnerabilities and recommendations → docker scout quickview

D:\Cong_nghe_moi\docker\network>docker build -t network-image .
[+] Building 1.9s (10/10) FINISHED                                                                                docker:default
 => [internal] load .dockerignore                                                                                           0.0s
 => => transferring context: 2B                                                                                             0.0s 
 => [internal] load build definition from Dockerfile                                                                        0.0s 
 => => transferring dockerfile: 157B                                                                                        0.0s 
 => [internal] load metadata for docker.io/library/node:latest                                                              1.3s 
 => [1/5] FROM docker.io/library/node@sha256:6b3f9aa7eefa8d4c93d43914e78aa2bfea9a12808b0059e5da78854dfa8b8768               0.0s
 => [internal] load build context                                                                                           0.1s 
 => => transferring context: 93.35kB                                                                                        0.1s 
 => CACHED [2/5] WORKDIR /app                                                                                               0.0s
 => CACHED [3/5] COPY package.json .                                                                                        0.0s
 => CACHED [4/5] RUN npm install                                                                                            0.0s 
 => [5/5] COPY . .                                                                                                          0.2s 
 => exporting to image                                                                                                      0.2s 
 => => exporting layers                                                                                                     0.2s 
 => => writing image sha256:aa343a2f32b7863b961c7e67066c4df5ec8f942d8a94d28d186970dfc2c7c940                                0.0s 
 => => naming to docker.io/library/network-image                                                                            0.0s 

What's Next?
  View summary of image vulnerabilities and recommendations → docker scout quickview

D:\Cong_nghe_moi\docker\network>docker run -p 3000:3000 --rm --name network-app network-image
(node:1) [MONGODB DRIVER] Warning: Current Server Discovery and Monitoring engine is deprecated, and will be removed in a future 
version. To use the new Server Discover and Monitoring engine, pass option { useUnifiedTopology: true } to the MongoClient constructor.
(Use `node --trace-warnings ...` to show where the warning was created)

D:\Cong_nghe_moi\docker\network>docker build -t network-image . 
[+] Building 2.6s (10/10) FINISHED                                                                                docker:default
 => [internal] load build definition from Dockerfile                                                                        0.0s
 => => transferring dockerfile: 157B                                                                                        0.0s 
 => [internal] load .dockerignore                                                                                           0.0s 
 => => transferring context: 2B                                                                                             0.0s 
 => [internal] load metadata for docker.io/library/node:latest                                                              2.4s 
 => [1/5] FROM docker.io/library/node@sha256:6b3f9aa7eefa8d4c93d43914e78aa2bfea9a12808b0059e5da78854dfa8b8768               0.0s
 => [internal] load build context                                                                                           0.1s 
 => => transferring context: 90.94kB                                                                                        0.1s 
 => CACHED [2/5] WORKDIR /app                                                                                               0.0s 
 => CACHED [3/5] COPY package.json .                                                                                        0.0s
 => CACHED [4/5] RUN npm install                                                                                            0.0s 
 => CACHED [5/5] COPY . .                                                                                                   0.0s 
 => exporting to image                                                                                                      0.0s 
 => => exporting layers                                                                                                     0.0s 
 => => writing image sha256:aa343a2f32b7863b961c7e67066c4df5ec8f942d8a94d28d186970dfc2c7c940                                0.0s 
 => => naming to docker.io/library/network-image                                                                            0.0s 

What's Next?
  View summary of image vulnerabilities and recommendations → docker scout quickview

D:\Cong_nghe_moi\docker\network>docker run -p 3000:3000 --rm --name network-app network-image
(node:1) [MONGODB DRIVER] Warning: Current Server Discovery and Monitoring engine is deprecated, and will be removed in a future 
version. To use the new Server Discover and Monitoring engine, pass option { useUnifiedTopology: true } to the MongoClient constructor.
(Use `node --trace-warnings ...` to show where the warning was created)

D:\Cong_nghe_moi\docker\network>docker pull mongo:latest
latest: Pulling from library/mongo
Digest: sha256:31bf43c4959c283733a004b0a3a9c4ddc52efafb4cf9a38e42d2da93e9a72546
Status: Image is up to date for mongo:latest
docker.io/library/mongo:latest

What's Next?
  View summary of image vulnerabilities and recommendations → docker scout quickview mongo:latest

D:\Cong_nghe_moi\docker\network>docker run -d --name mongodb mongo:latest
6740387f4b7df965c5a761a29325660742bd77fc20f542639077b2cce7f61bb9

D:\Cong_nghe_moi\docker\network>docker ps
CONTAINER ID   IMAGE          COMMAND                  CREATED          STATUS          PORTS       NAMES
6740386f4b7d   mongo:latest   "docker-entrypoint.s…"   12 seconds ago   Up 11 seconds   27017/tcp   mongodb

D:\Cong_nghe_moi\docker\network>docker container inspect mongodb
[
    {
        "Id": "6740386f4b7df965c5a761a29325660742bd77fc20f542639077b2cce7f61bb9",
        "Created": "2023-10-02T01:59:22.832458279Z",
        "Path": "docker-entrypoint.sh",
        "Args": [
            "mongod"
        ],
        "State": {
            "Status": "running",
            "Running": true,
            "Paused": false,
            "Restarting": false,
            "OOMKilled": false,
            "Dead": false,
            "Pid": 5203,
            "ExitCode": 0,
            "Error": "",
            "StartedAt": "2023-10-02T01:59:23.224948744Z",
            "FinishedAt": "0001-01-01T00:00:00Z"
        },
        "Image": "sha256:9576663f05bbfbb5c97d58a8b377ab040e01d90424b123f5424f39c0c14be925",
        "ResolvConfPath": "/var/lib/docker/containers/6740387f4b7df965c5a761a29325660742bd77fc20f542639077b2cce7f61bb9/resolv.conf",
        "HostnamePath": "/var/lib/docker/containers/6740387f4b7df965c5a761a29325660742bd77fc20f542639077b2cce7f61bb9/hostname",  
        "HostsPath": "/var/lib/docker/containers/6740387f4b7df965c5a761a29325660742bd77fc20f542639077b2cce7f61bb9/hosts",        
        "LogPath": "/var/lib/docker/containers/6740387f4b7df965c5a761a29325660742bd77fc20f542639077b2cce7f61bb9/6740387f4b7df965c5a761a29325660742bd77fc20f542639077b2cce7f61bb9-json.log",
        "Name": "/mongodb",
        "RestartCount": 0,
        "Driver": "overlay2",
        "Platform": "linux",
        "MountLabel": "",
        "ProcessLabel": "",
        "AppArmorProfile": "",
        "ExecIDs": null,
        "HostConfig": {
            "Binds": null,
            "ContainerIDFile": "",
            "LogConfig": {
                "Type": "json-file",
                "Config": {}
            },
            "NetworkMode": "default",
            "PortBindings": {},
            "RestartPolicy": {
                "Name": "no",
                "MaximumRetryCount": 0
            },
            "AutoRemove": false,
            "VolumeDriver": "",
            "VolumesFrom": null,
            "ConsoleSize": [
                11,
                129
            ],
            "CapAdd": null,
            "CapDrop": null,
            "CgroupnsMode": "host",
            "Dns": [],
            "DnsOptions": [],
            "DnsSearch": [],
            "ExtraHosts": null,
            "GroupAdd": null,
            "IpcMode": "private",
            "Cgroup": "",
            "Links": null,
            "OomScoreAdj": 0,
            "PidMode": "",
            "Privileged": false,
            "PublishAllPorts": false,
            "ReadonlyRootfs": false,
            "SecurityOpt": null,
            "UTSMode": "",
            "UsernsMode": "",
            "ShmSize": 67108864,
            "Runtime": "runc",
            "Isolation": "",
            "CpuShares": 0,
            "Memory": 0,
            "NanoCpus": 0,
            "CgroupParent": "",
            "BlkioWeight": 0,
            "BlkioWeightDevice": [],
            "BlkioDeviceReadBps": [],
            "BlkioDeviceWriteBps": [],
            "BlkioDeviceReadIOps": [],
            "BlkioDeviceWriteIOps": [],
            "CpuPeriod": 0,
            "CpuQuota": 0,
            "CpuRealtimePeriod": 0,
            "CpuRealtimeRuntime": 0,
            "CpusetCpus": "",
            "CpusetMems": "",
            "Devices": [],
            "DeviceCgroupRules": null,
            "DeviceRequests": null,
            "MemoryReservation": 0,
            "MemorySwap": 0,
            "MemorySwappiness": null,
            "OomKillDisable": false,
            "PidsLimit": null,
            "Ulimits": null,
            "CpuCount": 0,
            "CpuPercent": 0,
            "IOMaximumIOps": 0,
            "IOMaximumBandwidth": 0,
            "MaskedPaths": [
                "/proc/asound",
                "/proc/acpi",
                "/proc/kcore",
                "/proc/keys",
                "/proc/latency_stats",
                "/proc/timer_list",
                "/proc/timer_stats",
                "/proc/sched_debug",
                "/proc/scsi",
                "/sys/firmware"
            ],
            "ReadonlyPaths": [
                "/proc/bus",
                "/proc/fs",
                "/proc/irq",
                "/proc/sys",
                "/proc/sysrq-trigger"
            ]
        },
        "GraphDriver": {
            "Data": {
                "LowerDir": "/var/lib/docker/overlay2/b6f29fef6454277f95ae6999ffac30a87e323f36412a2767b2b9be5054243ef4-init/diff:/var/lib/docker/overlay2/52c6e9ef7889d56cbb6cb7f9d0fb2c23d991b223e65283bf6b39bd17dc570370/diff:/var/lib/docker/overlay2/c07718eab1b5e6c6f88b479f64ada24f5d570444bdd0b74e55a1a1f400b1fcb2/diff:/var/lib/docker/overlay2/0ee89b2bb67d41a6e6c5efb7962379b68709dfa90b1a891bbbf050426b820328/diff:/var/lib/docker/overlay2/381adb68bafd3ce124baf054a813a785095f67345a3baa8827582625b963a5c8/diff:/var/lib/docker/overlay2/d75e35c7a15a5f32913b0a60318fe1e408b18263895a6cfa0ddb358a0451006b/diff:/var/lib/docker/overlay2/0c6d30e53c1ff6523189c95ebfc9bb1d06e4fa31885d5d257f14828754bb47c8/diff:/var/lib/docker/overlay2/d18493fe7f62656017cbab6cc13be1e7682c2116680df4043e7f7f29bab7f32b/diff:/var/lib/docker/overlay2/fb4dcaf25ffd4aef7bf2b0738db84b6fc50389712bf293ffd0ffbda5240172a5/diff:/var/lib/docker/overlay2/46a8713806b8995fd37bb4e4a6cd5a73cb22a8f151f58ee45d1feecb262caeda/diff",
                "MergedDir": "/var/lib/docker/overlay2/b6f29fef6454277f95ae6999ffac30a87e323f36412a2767b2b9be5054243ef4/merged", 
                "UpperDir": "/var/lib/docker/overlay2/b6f29fef6454277f95ae6999ffac30a87e323f36412a2767b2b9be5054243ef4/diff",    
                "WorkDir": "/var/lib/docker/overlay2/b6f29fef6454277f95ae6999ffac30a87e323f36412a2767b2b9be5054243ef4/work"      
            },
            "Name": "overlay2"
        },
        "Mounts": [
            {
                "Type": "volume",
                "Name": "6c8adfa4403b598c8d2bb9da045078accb0f4eadc883c2188cf00314ee06fbd6",
                "Source": "/var/lib/docker/volumes/6c8adfa4403b598c8d2bb9da045078accb0f4eadc883c2188cf00314ee06fbd6/_data",      
                "Destination": "/data/configdb",
                "Driver": "local",
                "Mode": "",
                "RW": true,
                "Propagation": ""
            },
            {
                "Type": "volume",
                "Name": "0ab193b4ec95ddcc60a21d16d6c061b38b82224a8c25f2c6edbc5b4826ed3054",
                "Source": "/var/lib/docker/volumes/0ab193b4ec95ddcc60a21d16d6c061b38b82224a8c25f2c6edbc5b4826ed3054/_data",      
                "Destination": "/data/db",
                "Driver": "local",
                "Mode": "",
                "RW": true,
                "Propagation": ""
            }
        ],
        "Config": {
            "Hostname": "6740387f4b7d",
            "Domainname": "",
            "User": "",
            "AttachStdin": false,
            "AttachStdout": false,
            "AttachStderr": false,
            "ExposedPorts": {
                "27017/tcp": {}
            },
            "Tty": false,
            "OpenStdin": false,
            "StdinOnce": false,
            "Env": [
                "PATH=/usr/local/sbin:/usr/local/bin:/usr/sbin:/usr/bin:/sbin:/bin",
                "GOSU_VERSION=1.16",
                "JSYAML_VERSION=3.13.1",
                "MONGO_PACKAGE=mongodb-org",
                "MONGO_REPO=repo.mongodb.org",
                "MONGO_MAJOR=7.0",
                "MONGO_VERSION=7.0.1",
                "HOME=/data/db"
            ],
            "Cmd": [
                "mongod"
            ],
            "Image": "mongo:latest",
            "Volumes": {
                "/data/configdb": {},
                "/data/db": {}
            },
            "WorkingDir": "",
            "Entrypoint": [
                "docker-entrypoint.sh"
            ],
            "OnBuild": null,
            "Labels": {
                "org.opencontainers.image.ref.name": "ubuntu",
                "org.opencontainers.image.version": "22.04"
            }
        },
        "NetworkSettings": {
            "Bridge": "",
            "SandboxID": "d3ead530b349da3b863b27a69c87f89a1b10df3a35d73fcaddb8c3ccb0f1e051",
            "HairpinMode": false,
            "LinkLocalIPv6Address": "",
            "LinkLocalIPv6PrefixLen": 0,
            "Ports": {
                "27017/tcp": null
            },
            "SandboxKey": "/var/run/docker/netns/d3ead530b349",
            "SecondaryIPAddresses": null,
            "SecondaryIPv6Addresses": null,
            "EndpointID": "980f52dc673797dd732dcf0e949b1360fdc0b2b3f2ada2a2333a38c14f532169",
            "Gateway": "172.17.0.1",
            "GlobalIPv6Address": "",
            "GlobalIPv6PrefixLen": 0,
            "IPAddress": "172.17.0.2",
            "IPPrefixLen": 16,
            "IPv6Gateway": "",
            "MacAddress": "02:42:ac:11:00:02",
            "Networks": {
                "bridge": {
                    "IPAMConfig": null,
                    "Links": null,
                    "Aliases": null,
                    "NetworkID": "1b9d50517d964e4003b3a439f58cadb509c9cc432fd410690684d3bf1c9b96ab",
                    "EndpointID": "980f52dc673797dd732dcf0e949b1360fdc0b2b3f2ada2a2333a38c14f532169",
                    "Gateway": "172.17.0.1",
                    "IPAddress": "172.17.0.2",
                    "IPPrefixLen": 16,
                    "IPv6Gateway": "",
                    "GlobalIPv6Address": "",
                    "GlobalIPv6PrefixLen": 0,
                    "MacAddress": "02:42:ac:11:00:02",
                    "DriverOpts": null
                }
            }
        }
    }
]

D:\Cong_nghe_moi\docker\network>docker build -t network-image . 
[+] Building 1.3s (10/10) FINISHED                                                                                docker:default
 => [internal] load build definition from Dockerfile                                                                        0.0s
 => => transferring dockerfile: 157B                                                                                        0.0s 
 => [internal] load .dockerignore                                                                                           0.0s 
 => => transferring context: 2B                                                                                             0.0s 
 => [internal] load metadata for docker.io/library/node:latest                                                              1.1s 
 => [1/5] FROM docker.io/library/node@sha256:6b3f9aa7eefa8d4c93d43914e78aa2bfea9a12808b0059e5da78854dfa8b8768               0.0s
 => [internal] load build context                                                                                           0.1s 
 => => transferring context: 90.94kB                                                                                        0.1s 
 => CACHED [2/5] WORKDIR /app                                                                                               0.0s
 => CACHED [3/5] COPY package.json .                                                                                        0.0s 
 => CACHED [4/5] RUN npm install                                                                                            0.0s 
 => CACHED [5/5] COPY . .                                                                                                   0.0s 
 => exporting to image                                                                                                      0.0s 
 => => exporting layers                                                                                                     0.0s 
 => => writing image sha256:aa343a2f32b7863b961c7e67066c4df5ec8f942d8a94d28d186970dfc2c7c940                                0.0s 
 => => naming to docker.io/library/network-image                                                                            0.0s 

What's Next?
  View summary of image vulnerabilities and recommendations → docker scout quickview

D:\Cong_nghe_moi\docker\network>docker run -d -p 3000:3000 --rm --name network-app network-image
ef57872094f8522df1b598bfa1151c11bc787b2d1698983282b1df0db8174e85
D:\Cong_nghe_moi\docker\network>node app.js
(node:30900) [MONGODB DRIVER] Warning: Current Server Discovery and Monitoring engine is deprecated, and will be removed in a future version. To use the new Server Discover and Monitoring engine, pass option { useUnifiedTopology: true } to the MongoClient constructor.
(Use `node --trace-warnings ...` to show where the warning was created)