D:\Cong_nghe_moi\docker\dockerHub>docker build -t random-image .
[+] Building 1.2s (8/8) FINISHED                                                                                                                 docker:default
 => [internal] load .dockerignore                                                                                                                          0.0s
 => => transferring context: 2B                                                                                                                            0.0s 
 => [internal] load build definition from Dockerfile                                                                                                       0.0s 
 => => transferring dockerfile: 109B                                                                                                                       0.0s 
 => [internal] load metadata for docker.io/library/python:latest                                                                                           1.0s
 => [1/3] FROM docker.io/library/python@sha256:2e376990a11f1c1e03796d08db0e99c36eadb4bb6491372b227f1e53c3482914                                            0.0s
 => [internal] load build context                                                                                                                          0.0s 
 => => transferring context: 57B                                                                                                                           0.0s 
 => CACHED [2/3] WORKDIR /app                                                                                                                              0.0s 
 => CACHED [3/3] COPY . /app                                                                                                                               0.0s 
 => exporting to image                                                                                                                                     0.0s 
 => => exporting layers                                                                                                                                    0.0s 
 => => writing image sha256:2348c32438878e7356350e7ec8ec9698a291a8fd5d52bebbe93ab386ac81704a                                                               0.0s 
 => => naming to docker.io/library/random-image                                                                                                            0.0s 

What's Next?
  View summary of image vulnerabilities and recommendations â†’ docker scout quickview

D:\Cong_nghe_moi\docker\dockerHub>docker run --name random-app -it random-image
Please enter the min number: 1
Please enter the max number: 3
3

D:\Cong_nghe_moi\docker\dockerHub>docker tag random-image:latest your_id/random:latest

D:\Cong_nghe_moi\docker\dockerHub>docker images
REPOSITORY       TAG       IMAGE ID       CREATED          SIZE
random-image     latest    2348c3243887   15 minutes ago   1.01GB
your_id/random   latest    2348c3243887   15 minutes ago   1.01GB
python-image     latest    4d53f11311f3   31 hours ago     1.01GB
node-image       latest    ec06285ca1f1   31 hours ago     922MB
<none>           <none>    4bc69522a76b   31 hours ago     1.01GB

D:\Cong_nghe_moi\docker\dockerHub>docker login
Login with your Docker ID to push and pull images from Docker Hub. If you don't have a Docker ID, head over to https://hub.docker.com to create one.
Username: 280802
Password:
Login Succeeded

Logging in with your password grants your terminal complete access to your account.
For better security, log in with a limited-privilege personal access token. Learn more at https://docs.docker.com/go/access-tokens/

D:\Cong_nghe_moi\docker\dockerHub>docker push your_id/random:latest
The push refers to repository [docker.io/your_id/random]
7b557a6d0817: Preparing                                                                                                                                         
0b3a9c13ebd0: Preparing                                                                                                                                         
db22e0d1d36b: Preparing                                                                                                                                         
0d3f1aea6da4: Preparing                                                                                                                                         
78dd9ecf8a6d: Preparing                                                                                                                                         
c26432533a6a: Waiting                                                                                                                                           
01d6cdeac539: Waiting                                                                                                                                           
a981dddd4c65: Waiting                                                                                                                                           
f6589095d5b5: Waiting                                                                                                                                           
7c85cfa30cb1: Waiting                                                                                                                                           
denied: requested access to the resource is denied

D:\Cong_nghe_moi\docker\dockerHub>docker logout
Removing login credentials for https://index.docker.io/v1/

D:\Cong_nghe_moi\docker\dockerHub>docker image prune -a
WARNING! This will remove all images without at least one container associated to them.
Are you sure you want to continue? [y/N] y
Deleted Images:
untagged: python-image:latest
deleted: sha256:4d53f11311f3a512381ae235dc3b10ed5d1ccffba6f0ce08c05e5437415bb73f
untagged: node-image:latest
deleted: sha256:ec06285ca1f1252d498189c756c8af70ce411e39cf93b49f2d974c5088e78447
untagged: random-image:latest
deleted: sha256:4bc69522a76b6e2c2ec589daa19b902a4df5b4e249c6327ee26910f79d71196c

Total reclaimed space: 0B

D:\Cong_nghe_moi\docker\dockerHub>docker images
REPOSITORY       TAG       IMAGE ID       CREATED          SIZE
your_id/random   latest    2348c3243887   21 minutes ago   1.01GB

D:\Cong_nghe_moi\docker\dockerHub>docker pull your_id/random:latest

D:\Cong_nghe_moi\docker\dockerHub>docker run -d -it --rm --name random-app your_id/random:latest